// Jest Snapshot v1, https://goo.gl/fbAQLP

exports[`renders Header 1`] = `
<div>
  <header>
    <div
      class="header"
    >
      <button
        class="burgerMenuButton"
      >
        <img
          alt="Burger Menu"
          data-nimg="fill"
          decoding="async"
          loading="lazy"
          src="/assets/menu.svg"
          style="position: absolute; height: 100%; width: 100%; left: 0px; top: 0px; right: 0px; bottom: 0px; object-fit: contain; color: transparent; filter: invert(1);"
        />
      </button>
      <h1
        class="className title"
      >
        Craft Beer Cares
      </h1>
      <nav
        class="topNav className"
      >
        <a
          class="navLink"
          href="/"
        >
          Home
        </a>
        <a
          class="navLink"
          href="/about"
        >
          About
        </a>
        <a
          class="navLink"
          href="/join_us"
        >
          Join Us
        </a>
        <a
          class="navLink"
          href="/events"
        >
          Events
        </a>
        <a
          class="navLink"
          href="/shop"
        >
          Shop
        </a>
        <a
          class="navLink"
          href="/contact"
        >
          Contact
        </a>
      </nav>
    </div>
  </header>
</div>
`;
