// Jest Snapshot v1, https://goo.gl/fbAQLP

exports[`renders ArticleRow imagePosition=left 1`] = `
<div>
  <div
    class="articleRow"
  >
    <div
      class="articleImage imageLeft"
    >
      <img
        alt="test alt"
        src="/assets/001.webp"
        style="object-fit: contain; width: 100%; margin-left: -3rem;"
      />
    </div>
    <article
      class="article articleRight"
    >
      <p>
        Hello
      </p>
    </article>
  </div>
</div>
`;

exports[`renders ArticleRow imagePosition=right 1`] = `
<div>
  <div
    class="articleRow"
  >
    <div
      class="articleImage imageLeft"
    >
      <img
        alt="test alt"
        src="/assets/001.webp"
        style="object-fit: contain; width: 100%; margin-left: -3rem;"
      />
    </div>
    <article
      class="article articleRight"
    >
      <p>
        Hello
      </p>
    </article>
  </div>
</div>
`;
